#-----------------------------------------------------------
# Vivado v2016.4 (64-bit)
# SW Build 1756540 on Mon Jan 23 19:11:23 MST 2017
# IP Build 1755317 on Mon Jan 23 20:30:07 MST 2017
# Start of session at: Wed Jun 07 14:12:43 2017
# Process ID: 4536
# Current directory: C:/CR/Projeto/Task_53
# Command line: vivado.exe -gui_launcher_event rodinguilauncherevent2140 C:\CR\Projeto\Task_53\Task_53.xpr
# Log file: C:/CR/Projeto/Task_53/vivado.log
# Journal file: C:/CR/Projeto/Task_53\vivado.jou
#-----------------------------------------------------------
start_gui
open_project C:/CR/Projeto/Task_53/Task_53.xpr
open_hw
connect_hw_server
open_hw_target
set_property PROGRAM.FILE {C:/CR/Projeto/Task_53/Task_53.runs/impl_1/task_design_1_wrapper.bit} [lindex [get_hw_devices xc7a100t_0] 0]
current_hw_device [lindex [get_hw_devices xc7a100t_0] 0]
refresh_hw_device -update_hw_probes false [lindex [get_hw_devices xc7a100t_0] 0]
set_property PROBES.FILE {} [lindex [get_hw_devices xc7a100t_0] 0]
set_property PROGRAM.FILE {C:/CR/Projeto/Task_53/Task_53.runs/impl_1/task_design_1_wrapper.bit} [lindex [get_hw_devices xc7a100t_0] 0]
program_hw_devices [lindex [get_hw_devices xc7a100t_0] 0]
refresh_hw_device [lindex [get_hw_devices xc7a100t_0] 0]
open_bd_design {C:/CR/Projeto/Task_53/Task_53.srcs/sources_1/bd/task_design_1/task_design_1.bd}
update_ip_catalog -delete_ip ua.pt:user:Min_circuit:1.0 -repo_path c:/cr/projeto/task_53
update_ip_catalog -delete_ip ua.pt:user:MyC:1.0 -repo_path c:/cr/projeto/task_53
